this is to merge into master
